============================= test session starts =============================
platform win32 -- Python 3.12.7, pytest-9.0.2, pluggy-1.6.0 -- C:\Users\Srikant\AppData\Local\Programs\Python\Python312\python.exe
cachedir: .pytest_cache
rootdir: C:\ACEA\backend
plugins: anyio-4.12.1, langsmith-0.6.8, asyncio-1.3.0
asyncio: mode=Mode.STRICT, debug=False, asyncio_default_fixture_loop_scope=None, asyncio_default_test_loop_scope=function
collecting ... collected 1 item

tests/test_thought_signatures.py::test_virtuoso_signature_integration FAILED [100%]

================================== FAILURES ===================================
_____________________ test_virtuoso_signature_integration _____________________

    @pytest.mark.asyncio
    async def test_virtuoso_signature_integration():
        """Verify VirtuosoAgent captures signature via __thought_signature__ key."""
        from app.agents.virtuoso import VirtuosoAgent
    
        # Mock HybridModelClient
        with patch('app.core.local_model.HybridModelClient') as MockClient:
            mock_instance = MockClient.return_value
    
            # Virtuoso returns straight JSON
            response_json = {
                "__thought_signature__": {
                    "intent": "Generate code",
                    "rationale": "Standard pattern",
                    "confidence": 0.8
                },
                "main.py": "print('hello')"
            }
            mock_instance.generate = AsyncMock(return_value=import_json(response_json))
    
            agent = VirtuosoAgent()
    
            # Calling generate_from_blueprint -> calls batch_generate_files
            # We need to mock SocketManager to avoid errors
            with patch('app.core.socket_manager.SocketManager') as MockSocket:
                MockSocket.return_value.emit = AsyncMock()
    
                result = await agent.generate_from_blueprint({"file_structure": [{"path": "main.py", "description": "desc"}]})
    
                assert "files" in result
                assert "signature" in result
    
>               assert result["files"]["main.py"] == "print('hello')"
E               assert '{"__thought_...(\'hello\')"}' == "print('hello')"
E                 
E                 - print('hello')
E                 + {"__thought_signature__": {"intent": "Generate code", "rationale": "Standard pattern", "confidence": 0.8}, "main.py": "print('hello')"}

tests\test_thought_signatures.py:114: AssertionError
---------------------------- Captured stdout call -----------------------------
Virtuoso: BATCH generating 1 files...
============================== warnings summary ===============================
tests/test_thought_signatures.py::test_virtuoso_signature_integration
  C:\ACEA\backend\app\core\config.py:8: PydanticDeprecatedSince20: Support for class-based `config` is deprecated, use ConfigDict instead. Deprecated in Pydantic V2.0 to be removed in V3.0. See Pydantic V2 Migration Guide at https://errors.pydantic.dev/2.12/migration/
    class Settings(BaseSettings):

-- Docs: https://docs.pytest.org/en/stable/how-to/capture-warnings.html
=========================== short test summary info ===========================
FAILED tests/test_thought_signatures.py::test_virtuoso_signature_integration
======================== 1 failed, 1 warning in 3.35s =========================
